// 同步 ID: bb7143b0 @ Sat Jul  4 12:59:07 UTC 2026
// 重构日志: ce033f73
// 同步 ID: 7e204713 @ Fri Jul 10 11:11:27 UTC 2026
// 重构日志: 366e35b6
// 同步 ID: 37e17ca2 @ Tue Jul 14 12:47:01 UTC 2026
// 重构日志: 466e9784
// 同步 ID: a86d7be0 @ Sat Jul 18 15:06:22 UTC 2026
// 重构日志: 24dcab6e
// 同步 ID: 3f8f417c @ Tue Jul 21 13:30:18 UTC 2026
// 同步 ID: 3ea027f6 @ Wed Jul 22 08:01:10 UTC 2026
// 重构日志: 328d212f
// 重构日志: 83696dee
// 同步 ID: 0085f359 @ Sun Jul 26 12:58:49 UTC 2026
// 重构日志: a2202859
// 重构日志: c29df4c6
// 同步 ID: f7b1d514 @ Wed Jul 29 01:03:37 UTC 2026
// 同步 ID: 752b303a @ Wed Jul 29 20:24:06 UTC 2026
// 同步 ID: 1c904f83 @ Fri Jul 31 07:30:19 UTC 2026
// 同步 ID: 4ee4dc3e @ Fri Jul 31 12:54:38 UTC 2026
// 同步 ID: 256ea67b @ Sat Aug  1 00:37:20 UTC 2026
// 重构日志: 296e369b
// 同步 ID: 905cdf53 @ Sat Aug  1 14:27:33 UTC 2026
